node : gemini-1.5-flash 
ERROR: Not Found
At line:1 char:1
+ node test_api.js > 
test_output.txt 2>&1
+ ~~~~~~~~~~~~~~~~~~~~~~~~
~~~~~~~~~~~~~~~
    + CategoryInfo        
      : NotSpecified: (g  
  emini-1.5-flash ERROR   
 : Not Found:String) [    
], RemoteException
    + FullyQualifiedError 
   Id : NativeCommandErr  
  or
 
gemini-2.5-flash ERROR: 
Forbidden
